// Jest Snapshot v1, https://goo.gl/fbAQLP

exports[`ProductImage should show component with customized image 1`] = `
<img
  alt="Product"
  className="productImg custom-class"
  src="./custom-imgage.png"
/>
`;

exports[`ProductImage should show component with product name 1`] = `
<div
  className="productCard undefined"
>
  <img
    alt="Product"
    className="productImg undefined"
    src="./coffee-mug.png"
  />
</div>
`;
